42187 20:29:11 execve("./demo", ["./demo"], 0x7ffc7614f440 /* 65 vars */) = 0
42187 20:29:11 brk(NULL)                = 0x60d832466000
42187 20:29:11 mmap(NULL, 8192, PROT_READ|PROT_WRITE, MAP_PRIVATE|MAP_ANONYMOUS, -1, 0) = 0x7c0c298a1000
42187 20:29:11 access("/etc/ld.so.preload", R_OK) = -1 ENOENT (No such file or directory)
42187 20:29:11 openat(AT_FDCWD, "/etc/ld.so.cache", O_RDONLY|O_CLOEXEC) = 3
42187 20:29:11 fstat(3, {st_mode=S_IFREG|0644, st_size=69095, ...}) = 0
42187 20:29:11 mmap(NULL, 69095, PROT_READ, MAP_PRIVATE, 3, 0) = 0x7c0c29890000
42187 20:29:11 close(3)                 = 0
42187 20:29:11 openat(AT_FDCWD, "/lib/x86_64-linux-gnu/libc.so.6", O_RDONLY|O_CLOEXEC) = 3
42187 20:29:11 read(3, "\177ELF\2\1\1\3\0\0\0\0\0\0\0\0\3\0>\0\1\0\0\0\220\243\2\0\0\0\0\0@\0\0\0\0\0\0\0\20^ \0\0\0\0\0\0\0\0\0@\08\0\16\0@\0@\0?\0\6\0\0\0\4\0\0\0@\0\0\0\0\0\0\0@\0\0\0\0\0\0\0@\0\0\0\0\0\0\0\20\3\0\0\0\0\0\0\20\3\0\0\0\0\0\0\10\0\0\0\0\0\0\0\3\0\0\0\4\0\0\0\240g\35\0\0\0\0\0\240g\35\0\0\0\0\0\240g\35\0\0\0\0\0\34\0\0\0\0\0\0\0\34\0\0\0\0\0\0\0\20\0\0\0\0\0\0\0\1\0\0\0\4\0\0\0\0\0\0\0\0\0\0\0\0\0\0\0\0\0\0\0\0\0\0\0\0\0\0\0\220s\2\0\0\0\0\0\220s\2\0\0\0\0\0\0\20\0\0\0\0\0\0\1\0\0\0\5\0\0\0\0\200\2\0\0\0\0\0\0\200\2\0\0\0\0\0\0\200\2\0\0\0\0\0\271|\30\0\0\0\0\0\271|\30\0\0\0\0\0\0\20\0\0\0\0\0\0\1\0\0\0\4\0\0\0\0\0\33\0\0\0\0\0\0\0\33\0\0\0\0\0\0\0\33\0\0\0\0\0\202\340\4\0\0\0\0\0\202\340\4\0\0\0\0\0\0\20\0\0\0\0\0\0\1\0\0\0\6\0\0\0`\354\37\0\0\0\0\0`\374\37\0\0\0\0\0`\374\37\0\0\0\0\0hJ\0\0\0\0\0\0000!\1\0\0\0\0\0\0\20\0\0\0\0\0\0\2\0\0\0\6\0\0\0@\31 \0\0\0\0\0@) \0\0\0\0\0@) \0\0\0\0\0@\2\0\0\0\0\0\0@\2\0\0\0\0\0\0\10\0\0\0\0\0\0\0\4\0\0\0\4\0\0\0P\3\0\0\0\0\0\0P\3\0\0\0\0\0\0P\3\0\0\0\0\0\0000\0\0\0\0\0\0\0000\0\0\0\0\0\0\0\10\0\0\0\0\0\0\0\4\0\0\0\4\0\0\0\200\3\0\0\0\0\0\0\200\3\0\0\0\0\0\0\200\3\0\0\0\0\0\0D\0\0\0\0\0\0\0D\0\0\0\0\0\0\0\4\0\0\0\0\0\0\0\7\0\0\0\4\0\0\0`\354\37\0\0\0\0\0`\374\37\0\0\0\0\0`\374\37\0\0\0\0\0\20\0\0\0\0\0\0\0\210\0\0\0\0\0\0\0\10\0\0\0\0\0\0\0S\345td\4\0\0\0P\3\0\0\0\0\0\0P\3\0\0\0\0\0\0P\3\0\0\0\0\0\0000\0\0\0\0\0\0\0000\0\0\0\0\0\0\0\10\0\0\0\0\0\0\0P\345td\4\0\0\0\274g\35\0\0\0\0\0\274g\35\0\0\0\0\0\274g\35\0\0\0\0\0lv\0\0\0\0\0\0lv\0\0\0\0\0\0\4\0\0\0\0\0\0\0Q\345td\6\0\0\0\0\0\0\0\0\0\0\0\0\0\0\0\0\0\0\0\0\0\0\0\0\0\0\0\0\0\0\0\0\0\0\0\0\0\0\0\0\0\0\0\20\0\0\0\0\0\0\0R\345td\4\0\0\0`\354\37\0\0\0\0\0`\374\37\0\0\0\0\0`\374\37\0\0\0\0\0\2403\0\0\0\0\0\0", 832) = 832
42187 20:29:11 pread64(3, "\6\0\0\0\4\0\0\0@\0\0\0\0\0\0\0@\0\0\0\0\0\0\0@\0\0\0\0\0\0\0\20\3\0\0\0\0\0\0\20\3\0\0\0\0\0\0\10\0\0\0\0\0\0\0\3\0\0\0\4\0\0\0\240g\35\0\0\0\0\0\240g\35\0\0\0\0\0\240g\35\0\0\0\0\0\34\0\0\0\0\0\0\0\34\0\0\0\0\0\0\0\20\0\0\0\0\0\0\0\1\0\0\0\4\0\0\0\0\0\0\0\0\0\0\0\0\0\0\0\0\0\0\0\0\0\0\0\0\0\0\0\220s\2\0\0\0\0\0\220s\2\0\0\0\0\0\0\20\0\0\0\0\0\0\1\0\0\0\5\0\0\0\0\200\2\0\0\0\0\0\0\200\2\0\0\0\0\0\0\200\2\0\0\0\0\0\271|\30\0\0\0\0\0\271|\30\0\0\0\0\0\0\20\0\0\0\0\0\0\1\0\0\0\4\0\0\0\0\0\33\0\0\0\0\0\0\0\33\0\0\0\0\0\0\0\33\0\0\0\0\0\202\340\4\0\0\0\0\0\202\340\4\0\0\0\0\0\0\20\0\0\0\0\0\0\1\0\0\0\6\0\0\0`\354\37\0\0\0\0\0`\374\37\0\0\0\0\0`\374\37\0\0\0\0\0hJ\0\0\0\0\0\0000!\1\0\0\0\0\0\0\20\0\0\0\0\0\0\2\0\0\0\6\0\0\0@\31 \0\0\0\0\0@) \0\0\0\0\0@) \0\0\0\0\0@\2\0\0\0\0\0\0@\2\0\0\0\0\0\0\10\0\0\0\0\0\0\0\4\0\0\0\4\0\0\0P\3\0\0\0\0\0\0P\3\0\0\0\0\0\0P\3\0\0\0\0\0\0000\0\0\0\0\0\0\0000\0\0\0\0\0\0\0\10\0\0\0\0\0\0\0\4\0\0\0\4\0\0\0\200\3\0\0\0\0\0\0\200\3\0\0\0\0\0\0\200\3\0\0\0\0\0\0D\0\0\0\0\0\0\0D\0\0\0\0\0\0\0\4\0\0\0\0\0\0\0\7\0\0\0\4\0\0\0`\354\37\0\0\0\0\0`\374\37\0\0\0\0\0`\374\37\0\0\0\0\0\20\0\0\0\0\0\0\0\210\0\0\0\0\0\0\0\10\0\0\0\0\0\0\0S\345td\4\0\0\0P\3\0\0\0\0\0\0P\3\0\0\0\0\0\0P\3\0\0\0\0\0\0000\0\0\0\0\0\0\0000\0\0\0\0\0\0\0\10\0\0\0\0\0\0\0P\345td\4\0\0\0\274g\35\0\0\0\0\0\274g\35\0\0\0\0\0\274g\35\0\0\0\0\0lv\0\0\0\0\0\0lv\0\0\0\0\0\0\4\0\0\0\0\0\0\0Q\345td\6\0\0\0\0\0\0\0\0\0\0\0\0\0\0\0\0\0\0\0\0\0\0\0\0\0\0\0\0\0\0\0\0\0\0\0\0\0\0\0\0\0\0\0\20\0\0\0\0\0\0\0R\345td\4\0\0\0`\354\37\0\0\0\0\0`\374\37\0\0\0\0\0`\374\37\0\0\0\0\0\2403\0\0\0\0\0\0\2403\0\0\0\0\0\0\1\0\0\0\0\0\0\0", 784, 64) = 784
42187 20:29:11 fstat(3, {st_mode=S_IFREG|0755, st_size=2125328, ...}) = 0
42187 20:29:11 pread64(3, "\6\0\0\0\4\0\0\0@\0\0\0\0\0\0\0@\0\0\0\0\0\0\0@\0\0\0\0\0\0\0\20\3\0\0\0\0\0\0\20\3\0\0\0\0\0\0\10\0\0\0\0\0\0\0\3\0\0\0\4\0\0\0\240g\35\0\0\0\0\0\240g\35\0\0\0\0\0\240g\35\0\0\0\0\0\34\0\0\0\0\0\0\0\34\0\0\0\0\0\0\0\20\0\0\0\0\0\0\0\1\0\0\0\4\0\0\0\0\0\0\0\0\0\0\0\0\0\0\0\0\0\0\0\0\0\0\0\0\0\0\0\220s\2\0\0\0\0\0\220s\2\0\0\0\0\0\0\20\0\0\0\0\0\0\1\0\0\0\5\0\0\0\0\200\2\0\0\0\0\0\0\200\2\0\0\0\0\0\0\200\2\0\0\0\0\0\271|\30\0\0\0\0\0\271|\30\0\0\0\0\0\0\20\0\0\0\0\0\0\1\0\0\0\4\0\0\0\0\0\33\0\0\0\0\0\0\0\33\0\0\0\0\0\0\0\33\0\0\0\0\0\202\340\4\0\0\0\0\0\202\340\4\0\0\0\0\0\0\20\0\0\0\0\0\0\1\0\0\0\6\0\0\0`\354\37\0\0\0\0\0`\374\37\0\0\0\0\0`\374\37\0\0\0\0\0hJ\0\0\0\0\0\0000!\1\0\0\0\0\0\0\20\0\0\0\0\0\0\2\0\0\0\6\0\0\0@\31 \0\0\0\0\0@) \0\0\0\0\0@) \0\0\0\0\0@\2\0\0\0\0\0\0@\2\0\0\0\0\0\0\10\0\0\0\0\0\0\0\4\0\0\0\4\0\0\0P\3\0\0\0\0\0\0P\3\0\0\0\0\0\0P\3\0\0\0\0\0\0000\0\0\0\0\0\0\0000\0\0\0\0\0\0\0\10\0\0\0\0\0\0\0\4\0\0\0\4\0\0\0\200\3\0\0\0\0\0\0\200\3\0\0\0\0\0\0\200\3\0\0\0\0\0\0D\0\0\0\0\0\0\0D\0\0\0\0\0\0\0\4\0\0\0\0\0\0\0\7\0\0\0\4\0\0\0`\354\37\0\0\0\0\0`\374\37\0\0\0\0\0`\374\37\0\0\0\0\0\20\0\0\0\0\0\0\0\210\0\0\0\0\0\0\0\10\0\0\0\0\0\0\0S\345td\4\0\0\0P\3\0\0\0\0\0\0P\3\0\0\0\0\0\0P\3\0\0\0\0\0\0000\0\0\0\0\0\0\0000\0\0\0\0\0\0\0\10\0\0\0\0\0\0\0P\345td\4\0\0\0\274g\35\0\0\0\0\0\274g\35\0\0\0\0\0\274g\35\0\0\0\0\0lv\0\0\0\0\0\0lv\0\0\0\0\0\0\4\0\0\0\0\0\0\0Q\345td\6\0\0\0\0\0\0\0\0\0\0\0\0\0\0\0\0\0\0\0\0\0\0\0\0\0\0\0\0\0\0\0\0\0\0\0\0\0\0\0\0\0\0\0\20\0\0\0\0\0\0\0R\345td\4\0\0\0`\354\37\0\0\0\0\0`\374\37\0\0\0\0\0`\374\37\0\0\0\0\0\2403\0\0\0\0\0\0\2403\0\0\0\0\0\0\1\0\0\0\0\0\0\0", 784, 64) = 784
42187 20:29:11 mmap(NULL, 2170256, PROT_READ, MAP_PRIVATE|MAP_DENYWRITE, 3, 0) = 0x7c0c29600000
42187 20:29:11 mmap(0x7c0c29628000, 1605632, PROT_READ|PROT_EXEC, MAP_PRIVATE|MAP_FIXED|MAP_DENYWRITE, 3, 0x28000) = 0x7c0c29628000
42187 20:29:11 mmap(0x7c0c297b0000, 323584, PROT_READ, MAP_PRIVATE|MAP_FIXED|MAP_DENYWRITE, 3, 0x1b0000) = 0x7c0c297b0000
42187 20:29:11 mmap(0x7c0c297ff000, 24576, PROT_READ|PROT_WRITE, MAP_PRIVATE|MAP_FIXED|MAP_DENYWRITE, 3, 0x1fe000) = 0x7c0c297ff000
42187 20:29:11 mmap(0x7c0c29805000, 52624, PROT_READ|PROT_WRITE, MAP_PRIVATE|MAP_FIXED|MAP_ANONYMOUS, -1, 0) = 0x7c0c29805000
42187 20:29:11 close(3)                 = 0
42187 20:29:11 mmap(NULL, 12288, PROT_READ|PROT_WRITE, MAP_PRIVATE|MAP_ANONYMOUS, -1, 0) = 0x7c0c2988d000
42187 20:29:11 arch_prctl(ARCH_SET_FS, 0x7c0c2988d740) = 0
42187 20:29:11 set_tid_address(0x7c0c2988da10) = 42187
42187 20:29:11 set_robust_list(0x7c0c2988da20, 24) = 0
42187 20:29:11 rseq(0x7c0c2988e060, 0x20, 0, 0x53053053) = 0
42187 20:29:11 mprotect(0x7c0c297ff000, 16384, PROT_READ) = 0
42187 20:29:11 mprotect(0x60d80484f000, 4096, PROT_READ) = 0
42187 20:29:11 mprotect(0x7c0c298d9000, 8192, PROT_READ) = 0
42187 20:29:11 prlimit64(0, RLIMIT_STACK, NULL, {rlim_cur=8192*1024, rlim_max=RLIM64_INFINITY}) = 0
42187 20:29:11 munmap(0x7c0c29890000, 69095) = 0
42187 20:29:11 fstat(1, {st_mode=S_IFCHR|0620, st_rdev=makedev(0x88, 0x2), ...}) = 0
42187 20:29:11 getrandom("\xc1\x90\x39\x5a\xce\x5f\xa1\xe9", 8, GRND_NONBLOCK) = 8
42187 20:29:11 brk(NULL)                = 0x60d832466000
42187 20:29:11 brk(0x60d832487000)      = 0x60d832487000
42187 20:29:11 write(1, "Initializing...\n", 16) = 16
42187 20:29:11 write(1, "Global Data: 42\n", 16) = 16
42187 20:29:11 write(1, "Global BSS: 0\n", 14) = 14
42187 20:29:11 write(1, "Local Static: 100\n", 18) = 18
42187 20:29:11 write(1, "ABCDE from .rodata!\n", 20) = 20
42187 20:29:11 write(1, "Counter: 1\n", 11) = 11
42187 20:29:11 write(1, "Counter: 2\n", 11) = 11
42187 20:29:11 write(1, "Counter: 3\n", 11) = 11
42187 20:29:11 write(1, "Finalizing...\n", 14) = 14
42187 20:29:11 exit_group(0)            = ?
42187 20:29:11 +++ exited with 0 +++
